// Jest Snapshot v1, https://goo.gl/fbAQLP

exports[`renders as expected 1`] = `
<styled.header>
  <Link
    to="/"
  >
    <h1>
      Uniswap 10
    </h1>
  </Link>
</styled.header>
`;
