// Jest Snapshot v1, https://goo.gl/fbAQLP

exports[`renders as expected 1`] = `
Array [
  <header
    className="sc-AxjAm OAJFQ"
  >
    <a
      href="/"
      onClick={[Function]}
    >
      <h1>
        Uniswap 10
      </h1>
    </a>
  </header>,
  <div
    className="sc-fzoyAV gRtasW"
  >
    <button
      className="sc-fzqBZW befhGh"
      onClick={[Function]}
      open={false}
    >
      <svg
        aria-hidden="true"
        className="svg-inline--fa fa-bars fa-w-14 "
        data-icon="bars"
        data-prefix="fas"
        focusable="false"
        role="img"
        style={Object {}}
        viewBox="0 0 448 512"
        xmlns="http://www.w3.org/2000/svg"
      >
        <path
          d="M16 132h416c8.837 0 16-7.163 16-16V76c0-8.837-7.163-16-16-16H16C7.163 60 0 67.163 0 76v40c0 8.837 7.163 16 16 16zm0 160h416c8.837 0 16-7.163 16-16v-40c0-8.837-7.163-16-16-16H16c-8.837 0-16 7.163-16 16v40c0 8.837 7.163 16 16 16zm0 160h416c8.837 0 16-7.163 16-16v-40c0-8.837-7.163-16-16-16H16c-8.837 0-16 7.163-16 16v40c0 8.837 7.163 16 16 16z"
          fill="currentColor"
          style={Object {}}
        />
      </svg>
    </button>
    <nav
      className="sc-fzqNJr cneoWL"
      open={false}
    >
      <a
        href="/settings"
        onClick={[Function]}
      >
        <span
          aria-label="settings"
          role="img"
        >
          ðŸ› 
        </span>
        Settings
      </a>
      <a
        href="/faq"
        onClick={[Function]}
      >
        <span
          aria-label="faq"
          role="img"
        >
          ðŸ¤”
        </span>
        FAQ
      </a>
      <a
        href="/contact"
        onClick={[Function]}
      >
        <span
          aria-label="contact"
          role="img"
        >
          ðŸ“©
        </span>
        Contact
      </a>
    </nav>
  </div>,
  <h2
    className="sc-fzokOt emxQnu"
  >
    Loading
  </h2>,
]
`;
